Archive member included because of file (symbol)

/usr/local/AVRMacPack-20080721/lib/gcc/avr/3.4.6/avr5/libgcc.a(_divmodhi4.o)
                              ./evo.o (__divmodhi4)
/usr/local/AVRMacPack-20080721/lib/gcc/avr/3.4.6/avr5/libgcc.a(_divmodsi4.o)
                              ./evo.o (__divmodsi4)
/usr/local/AVRMacPack-20080721/lib/gcc/avr/3.4.6/avr5/libgcc.a(_exit.o)
                              /usr/local/AVRMacPack-20080721/lib/gcc/avr/3.4.6/../../../../avr/lib/avr5/crtm168.o (exit)
/usr/local/AVRMacPack-20080721/lib/gcc/avr/3.4.6/avr5/libgcc.a(_copy_data.o)
                              ./evo.o (__do_copy_data)
/usr/local/AVRMacPack-20080721/lib/gcc/avr/3.4.6/avr5/libgcc.a(_clear_bss.o)
                              ./evo.o (__do_clear_bss)
/usr/local/AVRMacPack-20080721/lib/gcc/avr/3.4.6/avr5/libgcc.a(_udivmodhi4.o)
                              /usr/local/AVRMacPack-20080721/lib/gcc/avr/3.4.6/avr5/libgcc.a(_divmodhi4.o) (__udivmodhi4)
/usr/local/AVRMacPack-20080721/lib/gcc/avr/3.4.6/avr5/libgcc.a(_udivmodsi4.o)
                              /usr/local/AVRMacPack-20080721/lib/gcc/avr/3.4.6/avr5/libgcc.a(_divmodsi4.o) (__udivmodsi4)
/usr/local/AVRMacPack-20080721/lib/gcc/avr/3.4.6/../../../../avr/lib/avr5/libc.a(random.o)
                              ./evo.o (random)
/usr/local/AVRMacPack-20080721/lib/gcc/avr/3.4.6/../../../../avr/lib/avr5/libc.a(atoi.o)
                              ./evo.o (atoi)
/usr/local/AVRMacPack-20080721/lib/gcc/avr/3.4.6/../../../../avr/lib/avr5/libc.a(isdigit.o)
                              ./evo.o (isdigit)
/usr/local/AVRMacPack-20080721/lib/gcc/avr/3.4.6/../../../../avr/lib/avr5/libc.a(isspace.o)
                              ./evo.o (isspace)
/usr/local/AVRMacPack-20080721/lib/gcc/avr/3.4.6/../../../../avr/lib/avr5/libc.a(mul10.o)
                              /usr/local/AVRMacPack-20080721/lib/gcc/avr/3.4.6/../../../../avr/lib/avr5/libc.a(atoi.o) (__mulhi_const_10)
/usr/local/AVRMacPack-20080721/lib/gcc/avr/3.4.6/../../../../avr/lib/avr5/libc.a(fgetc.o)
                              ./evo.o (fgetc)
/usr/local/AVRMacPack-20080721/lib/gcc/avr/3.4.6/../../../../avr/lib/avr5/libc.a(printf.o)
                              ./evo.o (printf)
/usr/local/AVRMacPack-20080721/lib/gcc/avr/3.4.6/../../../../avr/lib/avr5/libc.a(putchar.o)
                              ./evo.o (putchar)
/usr/local/AVRMacPack-20080721/lib/gcc/avr/3.4.6/../../../../avr/lib/avr5/libc.a(puts.o)
                              ./evo.o (puts)
/usr/local/AVRMacPack-20080721/lib/gcc/avr/3.4.6/../../../../avr/lib/avr5/libc.a(vfprintf_std.o)
                              /usr/local/AVRMacPack-20080721/lib/gcc/avr/3.4.6/../../../../avr/lib/avr5/libc.a(printf.o) (vfprintf)
/usr/local/AVRMacPack-20080721/lib/gcc/avr/3.4.6/../../../../avr/lib/avr5/libc.a(cty_isfalse.o)
                              /usr/local/AVRMacPack-20080721/lib/gcc/avr/3.4.6/../../../../avr/lib/avr5/libc.a(isdigit.o) (__ctype_isfalse)
/usr/local/AVRMacPack-20080721/lib/gcc/avr/3.4.6/../../../../avr/lib/avr5/libc.a(strnlen_P.o)
                              /usr/local/AVRMacPack-20080721/lib/gcc/avr/3.4.6/../../../../avr/lib/avr5/libc.a(vfprintf_std.o) (strnlen_P)
/usr/local/AVRMacPack-20080721/lib/gcc/avr/3.4.6/../../../../avr/lib/avr5/libc.a(strnlen.o)
                              /usr/local/AVRMacPack-20080721/lib/gcc/avr/3.4.6/../../../../avr/lib/avr5/libc.a(vfprintf_std.o) (strnlen)
/usr/local/AVRMacPack-20080721/lib/gcc/avr/3.4.6/../../../../avr/lib/avr5/libc.a(fputc.o)
                              /usr/local/AVRMacPack-20080721/lib/gcc/avr/3.4.6/../../../../avr/lib/avr5/libc.a(putchar.o) (fputc)
/usr/local/AVRMacPack-20080721/lib/gcc/avr/3.4.6/../../../../avr/lib/avr5/libc.a(iob.o)
                              /usr/local/AVRMacPack-20080721/lib/gcc/avr/3.4.6/../../../../avr/lib/avr5/libc.a(printf.o) (__iob)
/usr/local/AVRMacPack-20080721/lib/gcc/avr/3.4.6/../../../../avr/lib/avr5/libc.a(ultoa_invert.o)
                              /usr/local/AVRMacPack-20080721/lib/gcc/avr/3.4.6/../../../../avr/lib/avr5/libc.a(vfprintf_std.o) (__ultoa_invert)
/usr/local/AVRMacPack-20080721/lib/gcc/avr/3.4.6/avr5/libgcc.a(_mulsi3.o)
                              /usr/local/AVRMacPack-20080721/lib/gcc/avr/3.4.6/../../../../avr/lib/avr5/libc.a(random.o) (__mulsi3)
/usr/local/AVRMacPack-20080721/lib/gcc/avr/3.4.6/avr5/libgcc.a(_prologue.o)
                              /usr/local/AVRMacPack-20080721/lib/gcc/avr/3.4.6/../../../../avr/lib/avr5/libc.a(random.o) (__prologue_saves__)
/usr/local/AVRMacPack-20080721/lib/gcc/avr/3.4.6/avr5/libgcc.a(_epilogue.o)
                              /usr/local/AVRMacPack-20080721/lib/gcc/avr/3.4.6/../../../../avr/lib/avr5/libc.a(random.o) (__epilogue_restores__)

Allocating common symbols
Common symbol       size              file

original            0xa2              ./evo.o
__iob               0x6               /usr/local/AVRMacPack-20080721/lib/gcc/avr/3.4.6/../../../../avr/lib/avr5/libc.a(iob.o)

Memory Configuration

Name             Origin             Length             Attributes
text             0x00000000         0x00020000         xr
data             0x00800060         0x0000ffa0         rw !x
eeprom           0x00810000         0x00010000         rw !x
fuse             0x00820000         0x00000400         rw !x
lock             0x00830000         0x00000400         rw !x
signature        0x00840000         0x00000400         rw !x
*default*        0x00000000         0xffffffff

Linker script and memory map

Address of section .data set to 0x800100
LOAD /usr/local/AVRMacPack-20080721/lib/gcc/avr/3.4.6/../../../../avr/lib/avr5/crtm168.o
LOAD ./evo.o
LOAD /usr/local/AVRMacPack-20080721/lib/gcc/avr/3.4.6/avr5/libgcc.a
LOAD /usr/local/AVRMacPack-20080721/lib/gcc/avr/3.4.6/../../../../avr/lib/avr5/libc.a
LOAD /usr/local/AVRMacPack-20080721/lib/gcc/avr/3.4.6/avr5/libgcc.a

.hash
 *(.hash)

.dynsym
 *(.dynsym)

.dynstr
 *(.dynstr)

.gnu.version
 *(.gnu.version)

.gnu.version_d
 *(.gnu.version_d)

.gnu.version_r
 *(.gnu.version_r)

.rel.init
 *(.rel.init)

.rela.init
 *(.rela.init)

.rel.text
 *(.rel.text)
 *(.rel.text.*)
 *(.rel.gnu.linkonce.t*)

.rela.text
 *(.rela.text)
 *(.rela.text.*)
 *(.rela.gnu.linkonce.t*)

.rel.fini
 *(.rel.fini)

.rela.fini
 *(.rela.fini)

.rel.rodata
 *(.rel.rodata)
 *(.rel.rodata.*)
 *(.rel.gnu.linkonce.r*)

.rela.rodata
 *(.rela.rodata)
 *(.rela.rodata.*)
 *(.rela.gnu.linkonce.r*)

.rel.data
 *(.rel.data)
 *(.rel.data.*)
 *(.rel.gnu.linkonce.d*)

.rela.data
 *(.rela.data)
 *(.rela.data.*)
 *(.rela.gnu.linkonce.d*)

.rel.ctors
 *(.rel.ctors)

.rela.ctors
 *(.rela.ctors)

.rel.dtors
 *(.rel.dtors)

.rela.dtors
 *(.rela.dtors)

.rel.got
 *(.rel.got)

.rela.got
 *(.rela.got)

.rel.bss
 *(.rel.bss)

.rela.bss
 *(.rela.bss)

.rel.plt
 *(.rel.plt)

.rela.plt
 *(.rela.plt)

.text           0x00000000     0x1190
 *(.vectors)
 .vectors       0x00000000       0x68 /usr/local/AVRMacPack-20080721/lib/gcc/avr/3.4.6/../../../../avr/lib/avr5/crtm168.o
                0x00000000                __vectors
                0x00000000                __vector_default
 *(.vectors)
 *(.progmem.gcc*)
 *(.progmem*)
                0x00000068                . = ALIGN (0x2)
                0x00000068                __trampolines_start = .
 *(.trampolines)
 .trampolines   0x00000068        0x0 linker stubs
 *(.trampolines*)
                0x00000068                __trampolines_end = .
 *(.jumptables)
 *(.jumptables*)
 *(.lowtext)
 *(.lowtext*)
                0x00000068                __ctors_start = .
 *(.ctors)
                0x00000068                __ctors_end = .
                0x00000068                __dtors_start = .
 *(.dtors)
                0x00000068                __dtors_end = .
 SORT(*)(.ctors)
 SORT(*)(.dtors)
 *(.init0)
 .init0         0x00000068        0x0 /usr/local/AVRMacPack-20080721/lib/gcc/avr/3.4.6/../../../../avr/lib/avr5/crtm168.o
                0x00000068                __init
 *(.init0)
 *(.init1)
 *(.init1)
 *(.init2)
 .init2         0x00000068        0xc /usr/local/AVRMacPack-20080721/lib/gcc/avr/3.4.6/../../../../avr/lib/avr5/crtm168.o
 *(.init2)
 *(.init3)
 *(.init3)
 *(.init4)
 .init4         0x00000074       0x16 /usr/local/AVRMacPack-20080721/lib/gcc/avr/3.4.6/avr5/libgcc.a(_copy_data.o)
                0x00000074                __do_copy_data
 .init4         0x0000008a       0x10 /usr/local/AVRMacPack-20080721/lib/gcc/avr/3.4.6/avr5/libgcc.a(_clear_bss.o)
                0x0000008a                __do_clear_bss
 *(.init4)
 *(.init5)
 *(.init5)
 *(.init6)
 *(.init6)
 *(.init7)
 *(.init7)
 *(.init8)
 *(.init8)
 *(.init9)
 .init9         0x0000009a        0x8 /usr/local/AVRMacPack-20080721/lib/gcc/avr/3.4.6/../../../../avr/lib/avr5/crtm168.o
 *(.init9)
 *(.text)
 .text          0x000000a2        0x4 /usr/local/AVRMacPack-20080721/lib/gcc/avr/3.4.6/../../../../avr/lib/avr5/crtm168.o
                0x000000a2                __vector_22
                0x000000a2                __vector_1
                0x000000a2                __vector_24
                0x000000a2                __vector_12
                0x000000a2                __bad_interrupt
                0x000000a2                __vector_6
                0x000000a2                __vector_3
                0x000000a2                __vector_23
                0x000000a2                __vector_25
                0x000000a2                __vector_11
                0x000000a2                __vector_13
                0x000000a2                __vector_17
                0x000000a2                __vector_19
                0x000000a2                __vector_7
                0x000000a2                __vector_5
                0x000000a2                __vector_4
                0x000000a2                __vector_9
                0x000000a2                __vector_2
                0x000000a2                __vector_21
                0x000000a2                __vector_15
                0x000000a2                __vector_8
                0x000000a2                __vector_14
                0x000000a2                __vector_10
                0x000000a2                __vector_16
                0x000000a2                __vector_18
                0x000000a2                __vector_20
 .text          0x000000a6      0x788 ./evo.o
                0x000002b2                main
 .text          0x0000082e        0x0 /usr/local/AVRMacPack-20080721/lib/gcc/avr/3.4.6/avr5/libgcc.a(_divmodhi4.o)
 .text          0x0000082e        0x0 /usr/local/AVRMacPack-20080721/lib/gcc/avr/3.4.6/avr5/libgcc.a(_divmodsi4.o)
 .text          0x0000082e        0x0 /usr/local/AVRMacPack-20080721/lib/gcc/avr/3.4.6/avr5/libgcc.a(_exit.o)
 .text          0x0000082e        0x0 /usr/local/AVRMacPack-20080721/lib/gcc/avr/3.4.6/avr5/libgcc.a(_copy_data.o)
 .text          0x0000082e        0x0 /usr/local/AVRMacPack-20080721/lib/gcc/avr/3.4.6/avr5/libgcc.a(_clear_bss.o)
 .text          0x0000082e        0x0 /usr/local/AVRMacPack-20080721/lib/gcc/avr/3.4.6/avr5/libgcc.a(_udivmodhi4.o)
 .text          0x0000082e        0x0 /usr/local/AVRMacPack-20080721/lib/gcc/avr/3.4.6/avr5/libgcc.a(_udivmodsi4.o)
 .text          0x0000082e       0xf8 /usr/local/AVRMacPack-20080721/lib/gcc/avr/3.4.6/../../../../avr/lib/avr5/libc.a(random.o)
                0x000008fe                random
                0x000008f0                random_r
                0x00000910                srandom
 .text          0x00000926       0x3c /usr/local/AVRMacPack-20080721/lib/gcc/avr/3.4.6/../../../../avr/lib/avr5/libc.a(atoi.o)
                0x00000926                atoi
 .text          0x00000962        0x0 /usr/local/AVRMacPack-20080721/lib/gcc/avr/3.4.6/../../../../avr/lib/avr5/libc.a(isdigit.o)
 .text          0x00000962        0x0 /usr/local/AVRMacPack-20080721/lib/gcc/avr/3.4.6/../../../../avr/lib/avr5/libc.a(isspace.o)
 .text          0x00000962       0x10 /usr/local/AVRMacPack-20080721/lib/gcc/avr/3.4.6/../../../../avr/lib/avr5/libc.a(mul10.o)
                0x00000962                __mulhi_const_10
 .text          0x00000972       0x86 /usr/local/AVRMacPack-20080721/lib/gcc/avr/3.4.6/../../../../avr/lib/avr5/libc.a(fgetc.o)
                0x00000972                fgetc
 .text          0x000009f8       0x2e /usr/local/AVRMacPack-20080721/lib/gcc/avr/3.4.6/../../../../avr/lib/avr5/libc.a(printf.o)
                0x000009f8                printf
 .text          0x00000a26        0xe /usr/local/AVRMacPack-20080721/lib/gcc/avr/3.4.6/../../../../avr/lib/avr5/libc.a(putchar.o)
                0x00000a26                putchar
 .text          0x00000a34       0x6c /usr/local/AVRMacPack-20080721/lib/gcc/avr/3.4.6/../../../../avr/lib/avr5/libc.a(puts.o)
                0x00000a34                puts
 .text          0x00000aa0      0x416 /usr/local/AVRMacPack-20080721/lib/gcc/avr/3.4.6/../../../../avr/lib/avr5/libc.a(vfprintf_std.o)
                0x00000aa0                vfprintf
 .text          0x00000eb6        0x0 /usr/local/AVRMacPack-20080721/lib/gcc/avr/3.4.6/../../../../avr/lib/avr5/libc.a(cty_isfalse.o)
 .text          0x00000eb6       0x16 /usr/local/AVRMacPack-20080721/lib/gcc/avr/3.4.6/../../../../avr/lib/avr5/libc.a(strnlen_P.o)
                0x00000eb6                strnlen_P
 .text          0x00000ecc       0x16 /usr/local/AVRMacPack-20080721/lib/gcc/avr/3.4.6/../../../../avr/lib/avr5/libc.a(strnlen.o)
                0x00000ecc                strnlen
 .text          0x00000ee2       0x5a /usr/local/AVRMacPack-20080721/lib/gcc/avr/3.4.6/../../../../avr/lib/avr5/libc.a(fputc.o)
                0x00000ee2                fputc
 .text          0x00000f3c        0x0 /usr/local/AVRMacPack-20080721/lib/gcc/avr/3.4.6/../../../../avr/lib/avr5/libc.a(iob.o)
 .text          0x00000f3c       0xbc /usr/local/AVRMacPack-20080721/lib/gcc/avr/3.4.6/../../../../avr/lib/avr5/libc.a(ultoa_invert.o)
                0x00000f3c                __ultoa_invert
 .text          0x00000ff8        0x0 /usr/local/AVRMacPack-20080721/lib/gcc/avr/3.4.6/avr5/libgcc.a(_mulsi3.o)
 .text          0x00000ff8        0x0 /usr/local/AVRMacPack-20080721/lib/gcc/avr/3.4.6/avr5/libgcc.a(_prologue.o)
 .text          0x00000ff8        0x0 /usr/local/AVRMacPack-20080721/lib/gcc/avr/3.4.6/avr5/libgcc.a(_epilogue.o)
                0x00000ff8                . = ALIGN (0x2)
 *(.text.*)
 .text.libgcc   0x00000ff8       0x26 /usr/local/AVRMacPack-20080721/lib/gcc/avr/3.4.6/avr5/libgcc.a(_divmodhi4.o)
                0x00000ff8                __divmodhi4
                0x00000ff8                _div
 .text.libgcc   0x0000101e       0x36 /usr/local/AVRMacPack-20080721/lib/gcc/avr/3.4.6/avr5/libgcc.a(_divmodsi4.o)
                0x0000101e                __divmodsi4
 .text.libgcc   0x00001054        0x0 /usr/local/AVRMacPack-20080721/lib/gcc/avr/3.4.6/avr5/libgcc.a(_exit.o)
 .text.libgcc   0x00001054        0x0 /usr/local/AVRMacPack-20080721/lib/gcc/avr/3.4.6/avr5/libgcc.a(_copy_data.o)
 .text.libgcc   0x00001054        0x0 /usr/local/AVRMacPack-20080721/lib/gcc/avr/3.4.6/avr5/libgcc.a(_clear_bss.o)
 .text.libgcc   0x00001054       0x28 /usr/local/AVRMacPack-20080721/lib/gcc/avr/3.4.6/avr5/libgcc.a(_udivmodhi4.o)
                0x00001054                __udivmodhi4
 .text.libgcc   0x0000107c       0x44 /usr/local/AVRMacPack-20080721/lib/gcc/avr/3.4.6/avr5/libgcc.a(_udivmodsi4.o)
                0x0000107c                __udivmodsi4
 .text.ctype    0x000010c0        0xc /usr/local/AVRMacPack-20080721/lib/gcc/avr/3.4.6/../../../../avr/lib/avr5/libc.a(isdigit.o)
                0x000010c0                isdigit
 .text.ctype    0x000010cc       0x10 /usr/local/AVRMacPack-20080721/lib/gcc/avr/3.4.6/../../../../avr/lib/avr5/libc.a(isspace.o)
                0x000010cc                isspace
 .text.ctype    0x000010dc        0x6 /usr/local/AVRMacPack-20080721/lib/gcc/avr/3.4.6/../../../../avr/lib/avr5/libc.a(cty_isfalse.o)
                0x000010e0                __ctype_istrue
                0x000010dc                __ctype_isfalse
 .text.libgcc   0x000010e2       0x3e /usr/local/AVRMacPack-20080721/lib/gcc/avr/3.4.6/avr5/libgcc.a(_mulsi3.o)
                0x000010e2                __mulsi3
 .text.libgcc   0x00001120       0x38 /usr/local/AVRMacPack-20080721/lib/gcc/avr/3.4.6/avr5/libgcc.a(_prologue.o)
                0x00001120                __prologue_saves__
 .text.libgcc   0x00001158       0x36 /usr/local/AVRMacPack-20080721/lib/gcc/avr/3.4.6/avr5/libgcc.a(_epilogue.o)
                0x00001158                __epilogue_restores__
                0x0000118e                . = ALIGN (0x2)
 *(.fini9)
 .fini9         0x0000118e        0x0 /usr/local/AVRMacPack-20080721/lib/gcc/avr/3.4.6/avr5/libgcc.a(_exit.o)
                0x0000118e                exit
                0x0000118e                _exit
 *(.fini9)
 *(.fini8)
 *(.fini8)
 *(.fini7)
 *(.fini7)
 *(.fini6)
 *(.fini6)
 *(.fini5)
 *(.fini5)
 *(.fini4)
 *(.fini4)
 *(.fini3)
 *(.fini3)
 *(.fini2)
 *(.fini2)
 *(.fini1)
 *(.fini1)
 *(.fini0)
 .fini0         0x0000118e        0x2 /usr/local/AVRMacPack-20080721/lib/gcc/avr/3.4.6/avr5/libgcc.a(_exit.o)
 *(.fini0)
                0x00001190                _etext = .

.data           0x00800100       0xac load address 0x00001190
                0x00800100                PROVIDE (__data_start, .)
 *(.data)
 .data          0x00800100        0x0 /usr/local/AVRMacPack-20080721/lib/gcc/avr/3.4.6/../../../../avr/lib/avr5/crtm168.o
 .data          0x00800100       0xa8 ./evo.o
 .data          0x008001a8        0x0 /usr/local/AVRMacPack-20080721/lib/gcc/avr/3.4.6/avr5/libgcc.a(_divmodhi4.o)
 .data          0x008001a8        0x0 /usr/local/AVRMacPack-20080721/lib/gcc/avr/3.4.6/avr5/libgcc.a(_divmodsi4.o)
 .data          0x008001a8        0x0 /usr/local/AVRMacPack-20080721/lib/gcc/avr/3.4.6/avr5/libgcc.a(_exit.o)
 .data          0x008001a8        0x0 /usr/local/AVRMacPack-20080721/lib/gcc/avr/3.4.6/avr5/libgcc.a(_copy_data.o)
 .data          0x008001a8        0x0 /usr/local/AVRMacPack-20080721/lib/gcc/avr/3.4.6/avr5/libgcc.a(_clear_bss.o)
 .data          0x008001a8        0x0 /usr/local/AVRMacPack-20080721/lib/gcc/avr/3.4.6/avr5/libgcc.a(_udivmodhi4.o)
 .data          0x008001a8        0x0 /usr/local/AVRMacPack-20080721/lib/gcc/avr/3.4.6/avr5/libgcc.a(_udivmodsi4.o)
 .data          0x008001a8        0x4 /usr/local/AVRMacPack-20080721/lib/gcc/avr/3.4.6/../../../../avr/lib/avr5/libc.a(random.o)
 .data          0x008001ac        0x0 /usr/local/AVRMacPack-20080721/lib/gcc/avr/3.4.6/../../../../avr/lib/avr5/libc.a(atoi.o)
 .data          0x008001ac        0x0 /usr/local/AVRMacPack-20080721/lib/gcc/avr/3.4.6/../../../../avr/lib/avr5/libc.a(isdigit.o)
 .data          0x008001ac        0x0 /usr/local/AVRMacPack-20080721/lib/gcc/avr/3.4.6/../../../../avr/lib/avr5/libc.a(isspace.o)
 .data          0x008001ac        0x0 /usr/local/AVRMacPack-20080721/lib/gcc/avr/3.4.6/../../../../avr/lib/avr5/libc.a(mul10.o)
 .data          0x008001ac        0x0 /usr/local/AVRMacPack-20080721/lib/gcc/avr/3.4.6/../../../../avr/lib/avr5/libc.a(fgetc.o)
 .data          0x008001ac        0x0 /usr/local/AVRMacPack-20080721/lib/gcc/avr/3.4.6/../../../../avr/lib/avr5/libc.a(printf.o)
 .data          0x008001ac        0x0 /usr/local/AVRMacPack-20080721/lib/gcc/avr/3.4.6/../../../../avr/lib/avr5/libc.a(putchar.o)
 .data          0x008001ac        0x0 /usr/local/AVRMacPack-20080721/lib/gcc/avr/3.4.6/../../../../avr/lib/avr5/libc.a(puts.o)
 .data          0x008001ac        0x0 /usr/local/AVRMacPack-20080721/lib/gcc/avr/3.4.6/../../../../avr/lib/avr5/libc.a(vfprintf_std.o)
 .data          0x008001ac        0x0 /usr/local/AVRMacPack-20080721/lib/gcc/avr/3.4.6/../../../../avr/lib/avr5/libc.a(cty_isfalse.o)
 .data          0x008001ac        0x0 /usr/local/AVRMacPack-20080721/lib/gcc/avr/3.4.6/../../../../avr/lib/avr5/libc.a(strnlen_P.o)
 .data          0x008001ac        0x0 /usr/local/AVRMacPack-20080721/lib/gcc/avr/3.4.6/../../../../avr/lib/avr5/libc.a(strnlen.o)
 .data          0x008001ac        0x0 /usr/local/AVRMacPack-20080721/lib/gcc/avr/3.4.6/../../../../avr/lib/avr5/libc.a(fputc.o)
 .data          0x008001ac        0x0 /usr/local/AVRMacPack-20080721/lib/gcc/avr/3.4.6/../../../../avr/lib/avr5/libc.a(iob.o)
 .data          0x008001ac        0x0 /usr/local/AVRMacPack-20080721/lib/gcc/avr/3.4.6/../../../../avr/lib/avr5/libc.a(ultoa_invert.o)
 .data          0x008001ac        0x0 /usr/local/AVRMacPack-20080721/lib/gcc/avr/3.4.6/avr5/libgcc.a(_mulsi3.o)
 .data          0x008001ac        0x0 /usr/local/AVRMacPack-20080721/lib/gcc/avr/3.4.6/avr5/libgcc.a(_prologue.o)
 .data          0x008001ac        0x0 /usr/local/AVRMacPack-20080721/lib/gcc/avr/3.4.6/avr5/libgcc.a(_epilogue.o)
 *(.data*)
 *(.rodata)
 *(.rodata*)
 *(.gnu.linkonce.d*)
                0x008001ac                . = ALIGN (0x2)
                0x008001ac                _edata = .
                0x008001ac                PROVIDE (__data_end, .)

.bss            0x008001ac       0xa8 load address 0x0000123c
                0x008001ac                PROVIDE (__bss_start, .)
 *(.bss)
 .bss           0x008001ac        0x0 /usr/local/AVRMacPack-20080721/lib/gcc/avr/3.4.6/../../../../avr/lib/avr5/crtm168.o
 .bss           0x008001ac        0x0 ./evo.o
 .bss           0x008001ac        0x0 /usr/local/AVRMacPack-20080721/lib/gcc/avr/3.4.6/avr5/libgcc.a(_divmodhi4.o)
 .bss           0x008001ac        0x0 /usr/local/AVRMacPack-20080721/lib/gcc/avr/3.4.6/avr5/libgcc.a(_divmodsi4.o)
 .bss           0x008001ac        0x0 /usr/local/AVRMacPack-20080721/lib/gcc/avr/3.4.6/avr5/libgcc.a(_exit.o)
 .bss           0x008001ac        0x0 /usr/local/AVRMacPack-20080721/lib/gcc/avr/3.4.6/avr5/libgcc.a(_copy_data.o)
 .bss           0x008001ac        0x0 /usr/local/AVRMacPack-20080721/lib/gcc/avr/3.4.6/avr5/libgcc.a(_clear_bss.o)
 .bss           0x008001ac        0x0 /usr/local/AVRMacPack-20080721/lib/gcc/avr/3.4.6/avr5/libgcc.a(_udivmodhi4.o)
 .bss           0x008001ac        0x0 /usr/local/AVRMacPack-20080721/lib/gcc/avr/3.4.6/avr5/libgcc.a(_udivmodsi4.o)
 .bss           0x008001ac        0x0 /usr/local/AVRMacPack-20080721/lib/gcc/avr/3.4.6/../../../../avr/lib/avr5/libc.a(random.o)
 .bss           0x008001ac        0x0 /usr/local/AVRMacPack-20080721/lib/gcc/avr/3.4.6/../../../../avr/lib/avr5/libc.a(atoi.o)
 .bss           0x008001ac        0x0 /usr/local/AVRMacPack-20080721/lib/gcc/avr/3.4.6/../../../../avr/lib/avr5/libc.a(isdigit.o)
 .bss           0x008001ac        0x0 /usr/local/AVRMacPack-20080721/lib/gcc/avr/3.4.6/../../../../avr/lib/avr5/libc.a(isspace.o)
 .bss           0x008001ac        0x0 /usr/local/AVRMacPack-20080721/lib/gcc/avr/3.4.6/../../../../avr/lib/avr5/libc.a(mul10.o)
 .bss           0x008001ac        0x0 /usr/local/AVRMacPack-20080721/lib/gcc/avr/3.4.6/../../../../avr/lib/avr5/libc.a(fgetc.o)
 .bss           0x008001ac        0x0 /usr/local/AVRMacPack-20080721/lib/gcc/avr/3.4.6/../../../../avr/lib/avr5/libc.a(printf.o)
 .bss           0x008001ac        0x0 /usr/local/AVRMacPack-20080721/lib/gcc/avr/3.4.6/../../../../avr/lib/avr5/libc.a(putchar.o)
 .bss           0x008001ac        0x0 /usr/local/AVRMacPack-20080721/lib/gcc/avr/3.4.6/../../../../avr/lib/avr5/libc.a(puts.o)
 .bss           0x008001ac        0x0 /usr/local/AVRMacPack-20080721/lib/gcc/avr/3.4.6/../../../../avr/lib/avr5/libc.a(vfprintf_std.o)
 .bss           0x008001ac        0x0 /usr/local/AVRMacPack-20080721/lib/gcc/avr/3.4.6/../../../../avr/lib/avr5/libc.a(cty_isfalse.o)
 .bss           0x008001ac        0x0 /usr/local/AVRMacPack-20080721/lib/gcc/avr/3.4.6/../../../../avr/lib/avr5/libc.a(strnlen_P.o)
 .bss           0x008001ac        0x0 /usr/local/AVRMacPack-20080721/lib/gcc/avr/3.4.6/../../../../avr/lib/avr5/libc.a(strnlen.o)
 .bss           0x008001ac        0x0 /usr/local/AVRMacPack-20080721/lib/gcc/avr/3.4.6/../../../../avr/lib/avr5/libc.a(fputc.o)
 .bss           0x008001ac        0x0 /usr/local/AVRMacPack-20080721/lib/gcc/avr/3.4.6/../../../../avr/lib/avr5/libc.a(iob.o)
 .bss           0x008001ac        0x0 /usr/local/AVRMacPack-20080721/lib/gcc/avr/3.4.6/../../../../avr/lib/avr5/libc.a(ultoa_invert.o)
 .bss           0x008001ac        0x0 /usr/local/AVRMacPack-20080721/lib/gcc/avr/3.4.6/avr5/libgcc.a(_mulsi3.o)
 .bss           0x008001ac        0x0 /usr/local/AVRMacPack-20080721/lib/gcc/avr/3.4.6/avr5/libgcc.a(_prologue.o)
 .bss           0x008001ac        0x0 /usr/local/AVRMacPack-20080721/lib/gcc/avr/3.4.6/avr5/libgcc.a(_epilogue.o)
 *(.bss*)
 *(COMMON)
 COMMON         0x008001ac       0xa2 ./evo.o
                0x008001ac                original
 COMMON         0x0080024e        0x6 /usr/local/AVRMacPack-20080721/lib/gcc/avr/3.4.6/../../../../avr/lib/avr5/libc.a(iob.o)
                0x0080024e                __iob
                0x00800254                PROVIDE (__bss_end, .)
                0x00001190                __data_load_start = LOADADDR (.data)
                0x0000123c                __data_load_end = (__data_load_start + SIZEOF (.data))

.noinit         0x00800254        0x0
                0x00800254                PROVIDE (__noinit_start, .)
 *(.noinit*)
                0x00800254                PROVIDE (__noinit_end, .)
                0x00800254                _end = .
                0x00800254                PROVIDE (__heap_start, .)

.eeprom         0x00810000        0x0
 *(.eeprom*)
                0x00810000                __eeprom_end = .

.fuse
 *(.fuse)
 *(.lfuse)
 *(.hfuse)
 *(.efuse)

.lock
 *(.lock*)

.signature
 *(.signature*)

.stab           0x00000000      0xfd8
 *(.stab)
 .stab          0x00000000      0x6b4 /usr/local/AVRMacPack-20080721/lib/gcc/avr/3.4.6/../../../../avr/lib/avr5/crtm168.o
 .stab          0x000006b4      0x174 /usr/local/AVRMacPack-20080721/lib/gcc/avr/3.4.6/../../../../avr/lib/avr5/libc.a(atoi.o)
                                0x180 (size before relaxing)
 .stab          0x00000828       0x84 /usr/local/AVRMacPack-20080721/lib/gcc/avr/3.4.6/../../../../avr/lib/avr5/libc.a(isdigit.o)
                                 0x90 (size before relaxing)
 .stab          0x000008ac       0x9c /usr/local/AVRMacPack-20080721/lib/gcc/avr/3.4.6/../../../../avr/lib/avr5/libc.a(isspace.o)
                                 0xa8 (size before relaxing)
 .stab          0x00000948       0x78 /usr/local/AVRMacPack-20080721/lib/gcc/avr/3.4.6/../../../../avr/lib/avr5/libc.a(mul10.o)
                                 0x84 (size before relaxing)
 .stab          0x000009c0       0x60 /usr/local/AVRMacPack-20080721/lib/gcc/avr/3.4.6/../../../../avr/lib/avr5/libc.a(cty_isfalse.o)
                                 0x6c (size before relaxing)
 .stab          0x00000a20       0x9c /usr/local/AVRMacPack-20080721/lib/gcc/avr/3.4.6/../../../../avr/lib/avr5/libc.a(strnlen_P.o)
                                 0xa8 (size before relaxing)
 .stab          0x00000abc       0x9c /usr/local/AVRMacPack-20080721/lib/gcc/avr/3.4.6/../../../../avr/lib/avr5/libc.a(strnlen.o)
                                 0xa8 (size before relaxing)
 .stab          0x00000b58      0x480 /usr/local/AVRMacPack-20080721/lib/gcc/avr/3.4.6/../../../../avr/lib/avr5/libc.a(ultoa_invert.o)
                                0x48c (size before relaxing)

.stabstr        0x00000000      0x354
 *(.stabstr)
 .stabstr       0x00000000      0x354 /usr/local/AVRMacPack-20080721/lib/gcc/avr/3.4.6/../../../../avr/lib/avr5/crtm168.o

.stab.excl
 *(.stab.excl)

.stab.exclstr
 *(.stab.exclstr)

.stab.index
 *(.stab.index)

.stab.indexstr
 *(.stab.indexstr)

.comment
 *(.comment)

.debug
 *(.debug)

.line
 *(.line)

.debug_srcinfo
 *(.debug_srcinfo)

.debug_sfnames
 *(.debug_sfnames)

.debug_aranges  0x00000000       0x8c
 *(.debug_aranges)
 .debug_aranges
                0x00000000       0x14 /usr/local/AVRMacPack-20080721/lib/gcc/avr/3.4.6/../../../../avr/lib/avr5/libc.a(random.o)
 .debug_aranges
                0x00000014       0x14 /usr/local/AVRMacPack-20080721/lib/gcc/avr/3.4.6/../../../../avr/lib/avr5/libc.a(fgetc.o)
 .debug_aranges
                0x00000028       0x14 /usr/local/AVRMacPack-20080721/lib/gcc/avr/3.4.6/../../../../avr/lib/avr5/libc.a(printf.o)
 .debug_aranges
                0x0000003c       0x14 /usr/local/AVRMacPack-20080721/lib/gcc/avr/3.4.6/../../../../avr/lib/avr5/libc.a(putchar.o)
 .debug_aranges
                0x00000050       0x14 /usr/local/AVRMacPack-20080721/lib/gcc/avr/3.4.6/../../../../avr/lib/avr5/libc.a(puts.o)
 .debug_aranges
                0x00000064       0x14 /usr/local/AVRMacPack-20080721/lib/gcc/avr/3.4.6/../../../../avr/lib/avr5/libc.a(vfprintf_std.o)
 .debug_aranges
                0x00000078       0x14 /usr/local/AVRMacPack-20080721/lib/gcc/avr/3.4.6/../../../../avr/lib/avr5/libc.a(fputc.o)

.debug_pubnames
                0x00000000       0xff
 *(.debug_pubnames)
 .debug_pubnames
                0x00000000       0x36 /usr/local/AVRMacPack-20080721/lib/gcc/avr/3.4.6/../../../../avr/lib/avr5/libc.a(random.o)
 .debug_pubnames
                0x00000036       0x1c /usr/local/AVRMacPack-20080721/lib/gcc/avr/3.4.6/../../../../avr/lib/avr5/libc.a(fgetc.o)
 .debug_pubnames
                0x00000052       0x1d /usr/local/AVRMacPack-20080721/lib/gcc/avr/3.4.6/../../../../avr/lib/avr5/libc.a(printf.o)
 .debug_pubnames
                0x0000006f       0x1e /usr/local/AVRMacPack-20080721/lib/gcc/avr/3.4.6/../../../../avr/lib/avr5/libc.a(putchar.o)
 .debug_pubnames
                0x0000008d       0x1b /usr/local/AVRMacPack-20080721/lib/gcc/avr/3.4.6/../../../../avr/lib/avr5/libc.a(puts.o)
 .debug_pubnames
                0x000000a8       0x1f /usr/local/AVRMacPack-20080721/lib/gcc/avr/3.4.6/../../../../avr/lib/avr5/libc.a(vfprintf_std.o)
 .debug_pubnames
                0x000000c7       0x1c /usr/local/AVRMacPack-20080721/lib/gcc/avr/3.4.6/../../../../avr/lib/avr5/libc.a(fputc.o)
 .debug_pubnames
                0x000000e3       0x1c /usr/local/AVRMacPack-20080721/lib/gcc/avr/3.4.6/../../../../avr/lib/avr5/libc.a(iob.o)

.debug_info     0x00000000      0xd60
 *(.debug_info)
 .debug_info    0x00000000      0x12b /usr/local/AVRMacPack-20080721/lib/gcc/avr/3.4.6/../../../../avr/lib/avr5/libc.a(random.o)
 .debug_info    0x0000012b      0x16b /usr/local/AVRMacPack-20080721/lib/gcc/avr/3.4.6/../../../../avr/lib/avr5/libc.a(fgetc.o)
 .debug_info    0x00000296      0x1ac /usr/local/AVRMacPack-20080721/lib/gcc/avr/3.4.6/../../../../avr/lib/avr5/libc.a(printf.o)
 .debug_info    0x00000442      0x175 /usr/local/AVRMacPack-20080721/lib/gcc/avr/3.4.6/../../../../avr/lib/avr5/libc.a(putchar.o)
 .debug_info    0x000005b7      0x19e /usr/local/AVRMacPack-20080721/lib/gcc/avr/3.4.6/../../../../avr/lib/avr5/libc.a(puts.o)
 .debug_info    0x00000755      0x34d /usr/local/AVRMacPack-20080721/lib/gcc/avr/3.4.6/../../../../avr/lib/avr5/libc.a(vfprintf_std.o)
 .debug_info    0x00000aa2      0x16a /usr/local/AVRMacPack-20080721/lib/gcc/avr/3.4.6/../../../../avr/lib/avr5/libc.a(fputc.o)
 .debug_info    0x00000c0c      0x154 /usr/local/AVRMacPack-20080721/lib/gcc/avr/3.4.6/../../../../avr/lib/avr5/libc.a(iob.o)
 *(.gnu.linkonce.wi.*)

.debug_abbrev   0x00000000      0x790
 *(.debug_abbrev)
 .debug_abbrev  0x00000000       0xda /usr/local/AVRMacPack-20080721/lib/gcc/avr/3.4.6/../../../../avr/lib/avr5/libc.a(random.o)
 .debug_abbrev  0x000000da       0xd9 /usr/local/AVRMacPack-20080721/lib/gcc/avr/3.4.6/../../../../avr/lib/avr5/libc.a(fgetc.o)
 .debug_abbrev  0x000001b3      0x104 /usr/local/AVRMacPack-20080721/lib/gcc/avr/3.4.6/../../../../avr/lib/avr5/libc.a(printf.o)
 .debug_abbrev  0x000002b7       0xeb /usr/local/AVRMacPack-20080721/lib/gcc/avr/3.4.6/../../../../avr/lib/avr5/libc.a(putchar.o)
 .debug_abbrev  0x000003a2      0x101 /usr/local/AVRMacPack-20080721/lib/gcc/avr/3.4.6/../../../../avr/lib/avr5/libc.a(puts.o)
 .debug_abbrev  0x000004a3      0x14d /usr/local/AVRMacPack-20080721/lib/gcc/avr/3.4.6/../../../../avr/lib/avr5/libc.a(vfprintf_std.o)
 .debug_abbrev  0x000005f0       0xd9 /usr/local/AVRMacPack-20080721/lib/gcc/avr/3.4.6/../../../../avr/lib/avr5/libc.a(fputc.o)
 .debug_abbrev  0x000006c9       0xc7 /usr/local/AVRMacPack-20080721/lib/gcc/avr/3.4.6/../../../../avr/lib/avr5/libc.a(iob.o)

.debug_line     0x00000000      0xc67
 *(.debug_line)
 .debug_line    0x00000000      0x14c /usr/local/AVRMacPack-20080721/lib/gcc/avr/3.4.6/../../../../avr/lib/avr5/libc.a(random.o)
 .debug_line    0x0000014c      0x163 /usr/local/AVRMacPack-20080721/lib/gcc/avr/3.4.6/../../../../avr/lib/avr5/libc.a(fgetc.o)
 .debug_line    0x000002af      0x10a /usr/local/AVRMacPack-20080721/lib/gcc/avr/3.4.6/../../../../avr/lib/avr5/libc.a(printf.o)
 .debug_line    0x000003b9      0x10b /usr/local/AVRMacPack-20080721/lib/gcc/avr/3.4.6/../../../../avr/lib/avr5/libc.a(putchar.o)
 .debug_line    0x000004c4      0x138 /usr/local/AVRMacPack-20080721/lib/gcc/avr/3.4.6/../../../../avr/lib/avr5/libc.a(puts.o)
 .debug_line    0x000005fc      0x43f /usr/local/AVRMacPack-20080721/lib/gcc/avr/3.4.6/../../../../avr/lib/avr5/libc.a(vfprintf_std.o)
 .debug_line    0x00000a3b      0x133 /usr/local/AVRMacPack-20080721/lib/gcc/avr/3.4.6/../../../../avr/lib/avr5/libc.a(fputc.o)
 .debug_line    0x00000b6e       0xf9 /usr/local/AVRMacPack-20080721/lib/gcc/avr/3.4.6/../../../../avr/lib/avr5/libc.a(iob.o)

.debug_frame
 *(.debug_frame)

.debug_str      0x00000000      0x267
 *(.debug_str)
 .debug_str     0x00000000       0xad /usr/local/AVRMacPack-20080721/lib/gcc/avr/3.4.6/../../../../avr/lib/avr5/libc.a(random.o)
                                 0xdc (size before relaxing)
 .debug_str     0x000000ad       0x82 /usr/local/AVRMacPack-20080721/lib/gcc/avr/3.4.6/../../../../avr/lib/avr5/libc.a(fgetc.o)
                                0x125 (size before relaxing)
 .debug_str     0x0000012f       0x32 /usr/local/AVRMacPack-20080721/lib/gcc/avr/3.4.6/../../../../avr/lib/avr5/libc.a(printf.o)
                                0x13d (size before relaxing)
 .debug_str     0x00000161       0x26 /usr/local/AVRMacPack-20080721/lib/gcc/avr/3.4.6/../../../../avr/lib/avr5/libc.a(putchar.o)
                                0x128 (size before relaxing)
 .debug_str     0x00000187       0x20 /usr/local/AVRMacPack-20080721/lib/gcc/avr/3.4.6/../../../../avr/lib/avr5/libc.a(puts.o)
                                0x122 (size before relaxing)
 .debug_str     0x000001a7       0x84 /usr/local/AVRMacPack-20080721/lib/gcc/avr/3.4.6/../../../../avr/lib/avr5/libc.a(vfprintf_std.o)
                                0x1bd (size before relaxing)
 .debug_str     0x0000022b       0x22 /usr/local/AVRMacPack-20080721/lib/gcc/avr/3.4.6/../../../../avr/lib/avr5/libc.a(fputc.o)
                                0x125 (size before relaxing)
 .debug_str     0x0000024d       0x1a /usr/local/AVRMacPack-20080721/lib/gcc/avr/3.4.6/../../../../avr/lib/avr5/libc.a(iob.o)
                                0x11c (size before relaxing)

.debug_loc
 *(.debug_loc)

.debug_macinfo
 *(.debug_macinfo)
OUTPUT(evo_sudoku.elf elf32-avr)
LOAD linker stubs
